---
source: crates/graphql-linter/src/rules/no_anonymous_operations.rs
assertion_line: 576
expression: messages
---
- Anonymous GraphQL operations are forbidden. Make sure to name your query!
- Anonymous GraphQL operations are forbidden. Make sure to name your mutation!
- Anonymous GraphQL operations are forbidden. Make sure to name your subscription!
